 #2020/11/20(五), 109學年第一學期 資料科學應用 R小考(1)
> 
> #學號:A107260050        姓名:袁宇昕
>     
>     # (請依照規定)貼上執行程式碼及執行結果。
>  #   詳見: R程式作業繳交方式
> #http://www.hmwu.idv.tw/web/teaching/doc/R-how-homework.pdf
> 
> # ex1(a)
> x <- read.csv("Calculus-score-A.csv", skip = 2)
> x
   座號      學號   姓名 性別 X7. X7..1 X8. X8..1  X15. X25. X30. Times
1     1 401405008 希瑄彥   男  10     0   5    20   0.0   55   50     2
2     2 401550880 張泓丞   男  25    40  70    87  80.0   46   68     9
3     3 404550061 張安婕   女  18    15  48    33  86.7   54   79     9
4     4 404550042 柯政學   男  10    10  NA    NA  13.3    2    0     7
5     5 404550023 謝文躍   女  35    45  52    97  86.7   55   67     9
6     6 404550000 張樺玫   男  30    35  90    67  86.7   54   48     9
7     7 404550057 徐  敬   女  12    10  38     3  80.0   32   17     9
8     8 404550075 王亞詠   女  30    45  85    65  93.3   60   77     9
9     9 404550013 王承庭   男  30    15  72    37  86.7   27   33     7
10   10 404550001 高羽黛   女  25    10  50    NA  46.7   24    0     1
11   11 404550189 丁易偉   女  80   100 100    93  93.3   90   93     4
12   12 404550177 彥氏丞   男  40    20  55    38  86.7   71   53     9
13   13 404550155 婕　學   女   0    10  40    NA  60.0    5    0     2
14   14 404550143 躍庭祐   女   9     0  50    30  60.0    0    0     6
15   15 404550161 玫鈞霖   男  25    30  85    53 100.0   54   72     9
16   16 404550149 家聿穎   女  47    60  70    82 100.0   61   75     7
17   17 404550126 詠吾筑   男   3     5  NA    NA  40.0    8    0     0
18   18 404550294 庭馨儀   女   5     0  30    NA  93.3   18    0     3
19   19 404550272 黛婕西   女  20    13  60    43  86.7   43   62     9
20   20 404550250 偉茹麥   男   2    20  50    65  80.0   42   77     5
21   21 404550238 氏存水   女   0    23  30     7  93.3   45   37     9
22   22 404550216 家芳榮   女  50    28  80    97 100.0   35   54     9
23   23 404550294 嫣玲杰   女   0     0  NA    NA  53.3    0    0     3
24   24 404550272 美慈蒙   女  13    48  73    65  93.3   45   65     7
25   25 404550250 鈺玲豪   男  55    25  65    60 100.0    8   88     9
26   26 404550215 宜  慈   男  40    58  65    30 100.0   21   85     9
27   27 404550287 柯陳渝   男   0    45  53    40  93.3   37   76     9
28   28 404550361 紀鍾暄   男  50    50  90    68 100.0   50   93     9
29   29 404550340 蔡鍾毅   男  35    15  82    28 100.0   34   71     9
30   30 404550328 梅林茹   男  25    65  62    41 100.0   82   65     9
31   31 404550386 王柯辰   女  45    53  77    57 100.0   51   70     9
32   32 404550360 曾紀崴   女  45    55  83    64 100.0   52   47     9
33   33 404550344 呂蔡嘉   男  30    40  90    78 100.0   22   88     7
34   34 404550322 廖繆傑   男  30    35 100    82 100.0   51   88     9
35   35 404550328 李梅祐   男  20    25  55    32  86.7   41   48     7
36   36 404550369 陳王霖   女  55    73  92    73 100.0   72   81     9
37   37 404550420 何瑄穎   男  28    10  35     3  66.7   30    0     7
38   38 404550431 沈泓霏   女  15    25  53    67  93.3   29   42     9
39   39 404550442 許安霏   女  53    60  80    72 100.0   61   62     9
40   40 404550453 李政宜   男  80   100  85   100 100.0   95  100     3
> y <- read_excel("Calculus-score-B.xls", skip = 2)
New names:
* `0.070000000000000007` -> `0.070000000000000007...5`
* `0.070000000000000007` -> `0.070000000000000007...6`
* `0.080000000000000002` -> `0.080000000000000002...7`
* `0.080000000000000002` -> `0.080000000000000002...8`
> y
# A tibble: 55 x 12
    座號   學號 姓名  性別  `0.070000000000~ `0.070000000000~ `0.080000000000~
   <dbl>  <dbl> <chr> <chr>            <dbl>            <dbl>            <dbl>
 1     1 4.05e8 史文羽~ 男                  60               81              100
 2     2 4.05e8 鄭樺妤~ 男                  80              100              100
 3     3 4.05e8 張敬安~ 男                  10               40               62
 4     4 4.05e8 何筑亦~ 女                  15               25               40
 5     5 4.05e8 張  儀~ 女                  30               45               70
 6     6 4.02e8 雷西萱~ 男                  75               78               67
 7     7 4.02e8 張麥笙~ 女                  60               33               15
 8     8 4.04e8 張水兆~ 男                   0               30               50
 9     9 4.05e8 柯榮品~ 男                   0                0                5
10    10 4.05e8 謝卡欣~ 男                  30               25               30
# ... with 45 more rows, and 5 more variables: `0.080000000000000002...8` <dbl>,
#   `0.14999999999999999` <dbl>, `0.25` <dbl>, `0.29999999999999999` <dbl>,
#   Times <dbl>
> head(x, 5)
  座號      學號   姓名 性別 X7. X7..1 X8. X8..1 X15. X25. X30. Times
1    1 401405008 希瑄彥   男  10     0   5    20  0.0   55   50     2
2    2 401550880 張泓丞   男  25    40  70    87 80.0   46   68     9
3    3 404550061 張安婕   女  18    15  48    33 86.7   54   79     9
4    4 404550042 柯政學   男  10    10  NA    NA 13.3    2    0     7
5    5 404550023 謝文躍   女  35    45  52    97 86.7   55   67     9
> head(y, 5)
# A tibble: 5 x 12
   座號   學號 姓名  性別  `0.070000000000~ `0.070000000000~ `0.080000000000~
  <dbl>  <dbl> <chr> <chr>            <dbl>            <dbl>            <dbl>
1     1 4.05e8 史文羽~ 男                  60               81              100
2     2 4.05e8 鄭樺妤~ 男                  80              100              100
3     3 4.05e8 張敬安~ 男                  10               40               62
4     4 4.05e8 何筑亦~ 女                  15               25               40
5     5 4.05e8 張  儀~ 女                  30               45               70
# ... with 5 more variables: `0.080000000000000002...8` <dbl>,
#   `0.14999999999999999` <dbl>, `0.25` <dbl>, `0.29999999999999999` <dbl>,
#   Times <dbl>
> names(x)
 [1] "座號"  "學號"  "姓名"  "性別"  "X7."   "X7..1" "X8."   "X8..1" "X15."  "X25." 
[11] "X30."  "Times"
> 
> # ex1(b)
> names(x) <- c("No","ID", "Name", "Gender", "Quiz1", "Quiz2", "Quiz3", "Quiz4", "TA", "Midterm Final" 
+              , "ATT")
> names(y) <- c("No","ID", "Name", "Gender", "Quiz1", "Quiz2", "Quiz3", "Quiz4", "TA", "Midterm Final" 
+               , "ATT")
> rbind(c("No","ID", "Name", "Gender", "Quiz1" "Quiz2", "Quiz3", "Quiz4", "TA", "Midterm Final" 
錯誤: unexpected string constant in "rbind(c("No","ID", "Name", "Gender", "Quiz1" "Quiz2""
>         , "ATT"), c(x, y))
錯誤: 未預期的 ',' in "        ,"
> z <- C(x,y)
Error in C(x, y) : object not interpretable as a factor
> data.frame(x ,y)
Error in data.frame(x, y) : 
  arguments imply differing number of rows: 40, 55
> 
> #ex1(c)
> score <- x$"Quiz1"*0.07 + x$"Quiz2"*0.07 + x$"Quiz3"*0.08 + x$"Quiz4"*0.08+x$"TA*0.15+
+ 
+ set.seed(123456)
+ Letters.code <- sample(LETTERS[1:5], 20, replace=T)
+ 
+ x <- Letters.code
+ 
+ length(Letters.code)
+ for(i in 1:20){
+     if(x[i] == a)
+         cat(1)
+ }
+ 